// Jest Snapshot v1, https://goo.gl/fbAQLP

exports[`SelectNumber Component should take a snapshot 1`] = `
<DocumentFragment>
  <div
    class="grid grid-cols-3"
  >
    <div
      class="text-center col-span-3"
    >
      <label
        class="text-gray-700 text-sm font-semibold capitalize"
        for=":r0:"
      >
        label
      </label>
    </div>
    <button
      class="bg-gray-300 text-gray-600 rounded-full outline-none cursor-pointer hover:text-white hover:bg-blue-500"
    >
      <span
        class="m-auto text-2xl"
      >
        -
      </span>
    </button>
    <input
      class="outline-none focus:outline-none text-center font-semibold 
              hover:text-gray-500 focus:text-black md:text-base flex items-center"
      id=":r0:"
      max="200"
      min="50"
      type="number"
      value="100"
    />
    <button
      class="bg-gray-300 text-gray-600 rounded-full outline-none cursor-pointer hover:text-white hover:bg-blue-500"
    >
      <span
        class="m-auto text-2xl"
      >
        +
      </span>
    </button>
  </div>
</DocumentFragment>
`;
